2025-04-23 07:49:00 | WARN | repo=pv243-a4m36jee-2016-web-seminar-autumn | action=commit
2025-04-21 07:09:00 | INFO | repo=pv243-a4m36jee-2016-web-seminar-autumn | action=test | passed=true
2025-05-08 12:59:00 | DEBUG | repo=pv243-a4m36jee-2016-web-seminar-autumn | action=commit
2025-09-11 12:06:00 | WARN | repo=pv243-a4m36jee-2016-web-seminar-autumn | action=commit
2025-12-05 19:19:00 | DEBUG | repo=pv243-a4m36jee-2016-web-seminar-autumn | action=commit
2025-10-14 20:29:00 | DEBUG | repo=pv243-a4m36jee-2016-web-seminar-autumn | action=commit
2025-01-12 13:50:00 | WARN | repo=pv243-a4m36jee-2016-web-seminar-autumn | action=edit | files=5
2025-12-02 07:29:00 | INFO | repo=pv243-a4m36jee-2016-web-seminar-autumn | action=commit
2025-11-22 19:12:00 | INFO | repo=pv243-a4m36jee-2016-web-seminar-autumn | action=test | passed=true
2025-06-03 21:48:00 | INFO | repo=pv243-a4m36jee-2016-web-seminar-autumn | action=edit | files=5
2025-12-24 13:49:00 | WARN | repo=pv243-a4m36jee-2016-web-seminar-autumn | action=commit
2025-08-10 13:34:00 | WARN | repo=pv243-a4m36jee-2016-web-seminar-autumn | action=pull
2025-10-23 15:07:00 | WARN | repo=pv243-a4m36jee-2016-web-seminar-autumn | action=commit
2025-09-11 14:24:00 | INFO | repo=pv243-a4m36jee-2016-web-seminar-autumn | action=test | passed=true
2025-10-28 17:59:00 | INFO | repo=pv243-a4m36jee-2016-web-seminar-autumn | action=commit
2025-03-28 19:38:00 | DEBUG | repo=pv243-a4m36jee-2016-web-seminar-autumn | action=commit
2025-04-12 11:32:00 | DEBUG | repo=pv243-a4m36jee-2016-web-seminar-autumn | action=commit
2025-01-27 08:39:00 | WARN | repo=pv243-a4m36jee-2016-web-seminar-autumn | action=commit
2025-01-28 14:18:00 | INFO | repo=pv243-a4m36jee-2016-web-seminar-autumn | action=commit
2025-05-08 08:57:00 | WARN | repo=pv243-a4m36jee-2016-web-seminar-autumn | action=commit
2025-08-22 20:38:00 | DEBUG | repo=pv243-a4m36jee-2016-web-seminar-autumn | action=commit
2025-04-05 19:41:00 | WARN | repo=pv243-a4m36jee-2016-web-seminar-autumn | action=pull
2025-12-17 20:04:00 | DEBUG | repo=pv243-a4m36jee-2016-web-seminar-autumn | action=commit
2025-05-01 07:38:00 | INFO | repo=pv243-a4m36jee-2016-web-seminar-autumn | action=commit
2025-09-15 08:19:00 | INFO | repo=pv243-a4m36jee-2016-web-seminar-autumn | action=commit
2025-06-07 17:13:00 | INFO | repo=pv243-a4m36jee-2016-web-seminar-autumn | action=commit
